Schriftprüfung bestanden: Gelasio / Carlito
Hinweis: S05 Block 1 passt nicht in zwei Zeilen und wird an der Satzgrenze in 2 Anzeigen geteilt.
Hinweis: S06 Block 2 passt nicht in zwei Zeilen und wird an der Satzgrenze in 2 Anzeigen geteilt.
Hinweis: S07 Block 1 passt nicht in zwei Zeilen und wird an der Satzgrenze in 2 Anzeigen geteilt.
Hinweis: S08 Block 1 passt nicht in zwei Zeilen und wird an der Satzgrenze in 2 Anzeigen geteilt.
| Szene | C2 (s) | berechnet (s) | Differenz | Beginn |
|---|---|---|---|---|
| S00 Titel | 4.6 | 4.5 | -0.1 | 0:00 |
| S01 KI-Vorgeschichte | 11.8 | 12.4 | +0.6 | 0:04 |
| S02 Der Moment | 10.8 | 9.6 | -1.2 | 0:17 |
| S03 Der Spiegel | 16.4 | 16.2 | -0.2 | 0:27 |
| S04 Die offene Frage | 8.0 | 8.4 | +0.4 | 0:44 |
| S05 Die Welle | 26.3 | 27.7 | +1.4 | 0:53 |
| S06 Der Umbau | 26.7 | 29.5 | +2.8 | 1:21 |
| S07 Was man verstehen musste | 13.2 | 15.2 | +2.0 | 1:51 |
| S08 Die Regeln | 14.9 | 17.3 | +2.4 | 2:07 |
| S09 Strom als Dienstleistung | 11.4 | 12.0 | +0.6 | 2:24 |
| S10 Daten | 17.4 | 17.4 | +0.0 | 2:37 |
| S11 Die Sicherung | 17.3 | 19.1 | +1.8 | 2:55 |
| S12 Der Grad | 14.1 | 12.5 | -1.6 | 3:14 |
| S13 Kein Umbau | 7.6 | 8.6 | +1.0 | 3:27 |
| S14 Das Fundament | 14.6 | 15.7 | +1.1 | 3:36 |
| S15 Die Stufen | 15.4 | 13.5 | -1.9 | 3:53 |
| S16 Die Frage | 14.2 | 17.2 | +3.0 | 4:06 |
| S17 Abspann | 6.0 | 6.0 | +0.0 | 4:24 |
| **Summe einschließlich Übergänge** | 250,7 | 270.5 | | Ende 4:30 |
Bild 0 von 8115
Bild 300 von 8115
